Ingrese la masa del satélite (kg): 1000
Ingrese la distancia del satélite al centro de la Tierra (m): 7000000
La energía orbital total del satélite es: -2.85e+10 Joules